.
./file with spaces
./includedir
./includedir/.letsinclude
./includefile
